
> three_js_setup@0.0.0 build
> vite build

[36mvite v5.4.21 [32mbuilding for production...[36m[39m
transforming...
[32mΓ£ô[39m 34 modules transformed.
rendering chunks...
computing gzip size...
[2mdist/[22m[32mindex.html                 [39m[1m[2m  0.49 kB[22m[1m[22m[2m Γöé gzip:   0.33 kB[22m
[2mdist/[22m[35massets/index-Ci0yIUbz.css  [39m[1m[2m  0.92 kB[22m[1m[22m[2m Γöé gzip:   0.50 kB[22m
[2mdist/[22m[36massets/index-0OMDcQ0w.js   [39m[1m[33m644.86 kB[39m[22m[2m Γöé gzip: 173.69 kB[22m
node.exe : [33m
At C:\Program Files\nodejs\npm.ps1:29 char:3
+   & $NODE_EXE $NPM_CLI_JS $args
+   ~~~~~~~~~~~~~~~~~~~~~~~~~~~~~
    + CategoryInfo          : NotSpecified: ([ 
   33m:String) [], RemoteException
    + FullyQualifiedErrorId : NativeCommandErro 
   r
 
(!) Some chunks are larger than 500 kB after 
minification. Consider:
- Using dynamic import() to code-split the 
application
- Use build.rollupOptions.output.manualChunks 
to improve chunking: https://rollupjs.org/config
uration-options/#output-manualchunks
- Adjust chunk size limit for this warning via 
build.chunkSizeWarningLimit.[39m
[32mΓ£ô built in 7.12s[39m
